// Jest Snapshot v1, https://goo.gl/fbAQLP

exports[`render correctly text component 1`] = `
<div
  className="form-container"
>
  <div
    className="form"
  >
    <form
      className="form"
      onSubmit={[Function]}
    >
      <div
        className="from1"
      >
        <div
          className="formTitles"
        >
          From
        </div>
        <label
          htmlFor="from1"
        />
        <input
          className="inputboxes"
          name="from1"
          onChange={[Function]}
          placeholder="E.g. London"
          type="text"
          value=""
        />
      </div>
      <div
        className="from2"
      >
        <div
          className="formTitles"
        >
          And
        </div>
        <label
          htmlFor="from2"
        />
        <input
          className="inputboxes"
          name="from2"
          onChange={[Function]}
          placeholder="E.g. Barcelona"
          type="text"
          value=""
        />
      </div>
      <div
        className="datePicker"
      >
        <div
          className="DateRangePicker DateRangePicker_1"
        >
          <div>
            <div
              className="DateRangePickerInput DateRangePickerInput_1 DateRangePickerInput__withBorder DateRangePickerInput__withBorder_2 DateRangePickerInput__showClearDates DateRangePickerInput__showClearDates_3"
            >
              <div
                className="DateInput DateInput_1"
              >
                <input
                  aria-describedby="DateInput__screen-reader-message-startDate"
                  aria-label="Depart"
                  autoComplete="off"
                  className="DateInput_input DateInput_input_1"
                  disabled={false}
                  id="startDate"
                  name="startDate"
                  onChange={[Function]}
                  onFocus={[Function]}
                  onKeyDown={[Function]}
                  placeholder="Depart"
                  readOnly={false}
                  required={false}
                  type="text"
                  value=""
                />
                <p
                  className="DateInput_screenReaderMessage DateInput_screenReaderMessage_1"
                  id="DateInput__screen-reader-message-startDate"
                >
                  Navigate forward to interact with the calendar and select a date. Press the question mark key to get the keyboard shortcuts for changing dates.
                </p>
              </div>
              <div
                aria-hidden="true"
                className="DateRangePickerInput_arrow DateRangePickerInput_arrow_1"
                role="presentation"
              >
                <svg
                  className="DateRangePickerInput_arrow_svg DateRangePickerInput_arrow_svg_1"
                  focusable="false"
                  viewBox="0 0 1000 1000"
                >
                  <path
                    d="M694 242l249 250c12 11 12 21 1 32L694 773c-5 5-10 7-16 7s-11-2-16-7c-11-11-11-21 0-32l210-210H68c-13 0-23-10-23-23s10-23 23-23h806L662 275c-21-22 11-54 32-33z"
                  />
                </svg>
              </div>
              <div
                className="DateInput DateInput_1"
              >
                <input
                  aria-describedby="DateInput__screen-reader-message-endDate"
                  aria-label="Return"
                  autoComplete="off"
                  className="DateInput_input DateInput_input_1"
                  disabled={false}
                  id="endDate"
                  name="endDate"
                  onChange={[Function]}
                  onFocus={[Function]}
                  onKeyDown={[Function]}
                  placeholder="Return"
                  readOnly={false}
                  required={false}
                  type="text"
                  value=""
                />
                <p
                  className="DateInput_screenReaderMessage DateInput_screenReaderMessage_1"
                  id="DateInput__screen-reader-message-endDate"
                >
                  Navigate backward to interact with the calendar and select a date. Press the question mark key to get the keyboard shortcuts for changing dates.
                </p>
              </div>
              <button
                aria-label="Clear Dates"
                className="DateRangePickerInput_clearDates DateRangePickerInput_clearDates_1 DateRangePickerInput_clearDates_default DateRangePickerInput_clearDates_default_2 DateRangePickerInput_clearDates__hide DateRangePickerInput_clearDates__hide_3"
                disabled={false}
                onClick={[Function]}
                type="button"
              >
                <svg
                  className="DateRangePickerInput_clearDates_svg DateRangePickerInput_clearDates_svg_1"
                  focusable="false"
                  viewBox="0 0 12 12"
                >
                  <path
                    d="M11.53.47a.75.75 0 0 0-1.061 0l-4.47 4.47L1.529.47A.75.75 0 1 0 .468 1.531l4.47 4.47-4.47 4.47a.75.75 0 1 0 1.061 1.061l4.47-4.47 4.47 4.47a.75.75 0 1 0 1.061-1.061l-4.47-4.47 4.47-4.47a.75.75 0 0 0 0-1.061z"
                    fillRule="evenodd"
                  />
                </svg>
              </button>
            </div>
          </div>
        </div>
      </div>
      <div
        className="buttonDiv"
      >
        <button
          type="submit"
        >
           Lets Meet There!
        </button>
      </div>
    </form>
  </div>
</div>
`;
